nohup: ignorando entrada

[Execução] Iniciando 'klx1p25_mdw1p4' (kl_beta=0.0008460324658651028, mdn_weight=1.4)
[Pipeline] Carregando dados reais...

# Linhas por mês (2024)
2024-01: 0
2024-02: 0
2024-03: 0
2024-04: 3093159
2024-05: 3292052
2024-06: 0
2024-07: 0
2024-08: 0
2024-09: 0
2024-10: 0
2024-11: 0
2024-12: 0
[Pipeline] train=4322531 | val=1997611 | hold=0 | features=['sin_hr', 'cos_hr', 'PU_longitude', 'PU_latitude', 'DO_longitude', 'DO_latitude']
[Debug][DF][train_raw] rows=4322531 | cols=['tpep_pickup_datetime', 'sin_hr', 'cos_hr', 'PU_longitude', 'PU_latitude', 'DO_longitude', 'DO_latitude']
[Debug][DF][train_raw] datetime range: 2024-04-01 00:00:02 .. 2024-05-11 23:59:59
[Debug][DF][train_raw] null_frac[sin_hr]=0.0000
[Debug][DF][train_raw] null_frac[cos_hr]=0.0000
[Debug][DF][val_raw] rows=1997611 | cols=['tpep_pickup_datetime', 'sin_hr', 'cos_hr', 'PU_longitude', 'PU_latitude', 'DO_longitude', 'DO_latitude']
[Debug][DF][val_raw] datetime range: 2024-05-13 00:00:01 .. 2024-05-31 23:59:58
[Debug][DF][val_raw] null_frac[sin_hr]=0.0000
[Debug][DF][val_raw] null_frac[cos_hr]=0.0000
[Debug][DF][hold_raw] rows=0 | cols=['tpep_pickup_datetime', 'sin_hr', 'cos_hr', 'PU_longitude', 'PU_latitude', 'DO_longitude', 'DO_latitude']
[Debug][DF][hold_raw] null_frac[sin_hr]=nan
[Debug][DF][hold_raw] null_frac[cos_hr]=nan
[DEBUG] assign_zone_names | linhas de entrada: 4322531
[DEBUG] _load_zones | loaded 263 polygons | CRS original: EPSG:2263
[DEBUG] _load_zones | renomeou colunas {'LocationID': 'zone_id', 'zone': 'zone_name'}
[DEBUG] _load_zones | reprojetado para EPSG:4326
[DEBUG] PU join | sem zona: 23/4322531
[DEBUG] DO join | sem zona: 128/4322531
[DEBUG] assign_zone_names | linhas de saída: 4322531

[DEBUG] assign_zone_names | linhas de entrada: 1997611
[DEBUG] _load_zones | loaded 263 polygons | CRS original: EPSG:2263
[DEBUG] _load_zones | renomeou colunas {'LocationID': 'zone_id', 'zone': 'zone_name'}
[DEBUG] _load_zones | reprojetado para EPSG:4326
[DEBUG] PU join | sem zona: 17/1997611
[DEBUG] DO join | sem zona: 45/1997611
[DEBUG] assign_zone_names | linhas de saída: 1997611

[Discretização] apply_artifacts: linhas removidas por categorias desconhecidas = 4565/1997611
[Discretização] linhas válidas (treino)=4322531 | pickup=252 | dropoff=254 | od_pairs=30822
[Debug][train_discrete] sincos: mean_norm=1.0000 std_norm=0.0000 min_norm=1.0000 max_norm=1.0000 frac_in_[0.85,1.15]=1.000
[Debug][val_discrete] sincos: mean_norm=1.0000 std_norm=0.0000 min_norm=1.0000 max_norm=1.0000 frac_in_[0.85,1.15]=1.000
[Debug][hold_discrete] sin/cos ausentes ou DF vazio; pulando validação de sincos.
[Debug][train_discrete:hour] hist24=[0.0237, 0.0135, 0.0084, 0.0054, 0.0044, 0.0063, 0.0152, 0.0309, 0.041, 0.0425, 0.044, 0.0473, 0.0516, 0.0531, 0.0569, 0.0594, 0.0609, 0.0687, 0.073, 0.0642, 0.0596, 0.062, 0.0611, 0.0469] | peak=18 | sum=1.000000 | std=0.021925
[Debug][train_discrete] top3_hours=[18, 17, 19] top3_vals=[0.073, 0.0687, 0.0642]
[Debug][val_discrete:hour] hist24=[0.0226, 0.0123, 0.0071, 0.0046, 0.0045, 0.0066, 0.0156, 0.0321, 0.0424, 0.045, 0.0451, 0.0476, 0.0517, 0.054, 0.0604, 0.0622, 0.062, 0.0698, 0.0731, 0.0627, 0.0556, 0.0614, 0.0575, 0.044] | peak=18 | sum=1.000000 | std=0.022114
[Debug][val_discrete] top3_hours=[18, 17, 19] top3_vals=[0.0731, 0.0698, 0.0627]
[Debug][hold_discrete:hour] hist24=[0.0, 0.0, 0.0, 0.0, 0.0, 0.0, 0.0, 0.0, 0.0, 0.0, 0.0, 0.0, 0.0, 0.0, 0.0, 0.0, 0.0, 0.0, 0.0, 0.0, 0.0, 0.0, 0.0, 0.0] | peak=0 | sum=0.000000 | std=0.000000
[Debug][hold_discrete] top3_hours=[23, 22, 1] top3_vals=[0.0, 0.0, 0.0]
[Discretização] Top-5 pares OD: ['upper east side south-upper east side north', 'upper east side north-upper east side south', 'upper east side south-upper east side south', 'upper east side north-upper east side north', 'midtown center-upper east side south']
[Discretização] Probabilidades reais (top-5): {'upper east side south-upper east side north': 0.1806, 'upper east side north-upper east side south': 0.1567, 'upper east side south-upper east side south': 0.1213, 'upper east side north-upper east side north': 0.1208, 'midtown center-upper east side south': 0.0852}
[Discretização] od_counts: min=1 max=32463 mean=140.24 std=699.53 unique_od=30822
[Discretização] od_distribution: sum=1.000000 min=0.000000 max=0.007510 std=0.000162
[Pipeline] Treinando no dispositivo: cuda
[Pipeline] Usando hiperparâmetros (Trial 6 base com ajustes): {'embed_dim': 32, 'hidden_dims': (8,), 'latent_dim': 45, 'epochs': 20, 'batch_size': 256, 'lr': 0.00016067507015721257, 'kl_beta': 0.0008460324658651028, 'mdn_weight': 1.4}
[MDN][Epoch   1/20] loss=-7.974314 (nll=-8.858881, kl=6.673501, hour_ce=2.867808)
[MDN][Diag] effK_med=1.93 | maxPi_med=0.849 | entropy_med=0.436 | sigma_med=0.099 | ||mu||_med=1.007
[MDN][Diag] Horas: pico= 18 | madrugada(0-3)=0.039 | tarde(15-18)=0.262 | noite(20-23)=0.210
[MDN][Prior h|OD] JSD=0.0000 peak_pred=18 peak_true=18 std_pred=0.0217 std_true=0.0219
[MDN][Epoch   2/20] loss=-10.793282 (nll=-6.690253, kl=7.613045, hour_ce=2.903857)
[MDN][Diag] effK_med=1.36 | maxPi_med=0.915 | entropy_med=0.275 | sigma_med=0.023 | ||mu||_med=0.989
[MDN][Diag] Horas: pico= 17 | madrugada(0-3)=0.042 | tarde(15-18)=0.265 | noite(20-23)=0.211
[MDN][Prior h|OD] JSD=0.0000 peak_pred=18 peak_true=18 std_pred=0.0220 std_true=0.0219
[MDN][Epoch   3/20] loss=-11.806147 (nll=-11.493658, kl=8.260228, hour_ce=2.886502)
[MDN][Diag] effK_med=1.36 | maxPi_med=0.919 | entropy_med=0.263 | sigma_med=0.012 | ||mu||_med=0.982
[MDN][Diag] Horas: pico= 17 | madrugada(0-3)=0.041 | tarde(15-18)=0.264 | noite(20-23)=0.210
[MDN][Prior h|OD] JSD=0.0000 peak_pred=18 peak_true=18 std_pred=0.0219 std_true=0.0219
[MDN][Epoch   4/20] loss=-12.705252 (nll=-12.671539, kl=8.270350, hour_ce=2.902869)
[MDN][Diag] effK_med=1.20 | maxPi_med=0.952 | entropy_med=0.162 | sigma_med=0.005 | ||mu||_med=0.987
[MDN][Diag] Horas: pico= 17 | madrugada(0-3)=0.040 | tarde(15-18)=0.267 | noite(20-23)=0.210
[MDN][Prior h|OD] JSD=0.0000 peak_pred=18 peak_true=18 std_pred=0.0219 std_true=0.0219
[MDN][Epoch   5/20] loss=-12.685284 (nll=-12.339213, kl=7.929806, hour_ce=2.913560)
[MDN][Diag] effK_med=1.23 | maxPi_med=0.946 | entropy_med=0.184 | sigma_med=0.019 | ||mu||_med=0.980
[MDN][Diag] Horas: pico= 17 | madrugada(0-3)=0.041 | tarde(15-18)=0.265 | noite(20-23)=0.211
[MDN][Prior h|OD] JSD=0.0000 peak_pred=18 peak_true=18 std_pred=0.0219 std_true=0.0219
[MDN][Epoch   6/20] loss=-12.241687 (nll=-12.431064, kl=8.231776, hour_ce=2.859374)
[MDN][Diag] effK_med=1.46 | maxPi_med=0.903 | entropy_med=0.307 | sigma_med=0.008 | ||mu||_med=0.961
[MDN][Diag] Horas: pico= 17 | madrugada(0-3)=0.041 | tarde(15-18)=0.265 | noite(20-23)=0.213
[MDN][Prior h|OD] JSD=0.0000 peak_pred=18 peak_true=18 std_pred=0.0219 std_true=0.0219
[MDN][Epoch   7/20] loss=-13.046954 (nll=-11.360224, kl=8.291720, hour_ce=2.875594)
[MDN][Diag] effK_med=1.16 | maxPi_med=0.962 | entropy_med=0.137 | sigma_med=0.003 | ||mu||_med=0.950
[MDN][Diag] Horas: pico= 17 | madrugada(0-3)=0.041 | tarde(15-18)=0.267 | noite(20-23)=0.211
[MDN][Prior h|OD] JSD=0.0000 peak_pred=18 peak_true=18 std_pred=0.0219 std_true=0.0219
[MDN][Epoch   8/20] loss=-13.276926 (nll=-12.168790, kl=8.363860, hour_ce=2.887085)
[MDN][Diag] effK_med=1.11 | maxPi_med=0.974 | entropy_med=0.094 | sigma_med=0.009 | ||mu||_med=0.960
[MDN][Diag] Horas: pico= 17 | madrugada(0-3)=0.041 | tarde(15-18)=0.265 | noite(20-23)=0.212
[MDN][Prior h|OD] JSD=0.0000 peak_pred=18 peak_true=18 std_pred=0.0219 std_true=0.0219
[MDN][Epoch   9/20] loss=-13.790612 (nll=-12.035573, kl=8.436476, hour_ce=2.902170)
[MDN][Diag] effK_med=1.07 | maxPi_med=0.988 | entropy_med=0.063 | sigma_med=0.005 | ||mu||_med=0.951
[MDN][Diag] Horas: pico= 17 | madrugada(0-3)=0.041 | tarde(15-18)=0.264 | noite(20-23)=0.212
[MDN][Prior h|OD] JSD=0.0000 peak_pred=18 peak_true=18 std_pred=0.0219 std_true=0.0219
[MDN][Epoch  10/20] loss=-13.863273 (nll=-12.736458, kl=8.414013, hour_ce=2.882242)
[MDN][Diag] effK_med=1.06 | maxPi_med=0.990 | entropy_med=0.060 | sigma_med=0.006 | ||mu||_med=0.945
[MDN][Diag] Horas: pico= 17 | madrugada(0-3)=0.041 | tarde(15-18)=0.264 | noite(20-23)=0.212
[MDN][Prior h|OD] JSD=0.0000 peak_pred=18 peak_true=18 std_pred=0.0219 std_true=0.0219
[MDN][Epoch  11/20] loss=-14.045612 (nll=-12.596752, kl=8.571434, hour_ce=2.928900)
[MDN][Diag] effK_med=1.06 | maxPi_med=0.990 | entropy_med=0.057 | sigma_med=0.005 | ||mu||_med=0.954
[MDN][Diag] Horas: pico= 17 | madrugada(0-3)=0.041 | tarde(15-18)=0.265 | noite(20-23)=0.211
[MDN][Prior h|OD] JSD=0.0000 peak_pred=18 peak_true=18 std_pred=0.0219 std_true=0.0219
[MDN][Epoch  12/20] loss=-14.178608 (nll=-12.988870, kl=8.561019, hour_ce=2.867939)
[MDN][Diag] effK_med=1.05 | maxPi_med=0.992 | entropy_med=0.051 | sigma_med=0.006 | ||mu||_med=0.954
[MDN][Diag] Horas: pico= 17 | madrugada(0-3)=0.041 | tarde(15-18)=0.264 | noite(20-23)=0.212
[MDN][Prior h|OD] JSD=0.0000 peak_pred=18 peak_true=18 std_pred=0.0219 std_true=0.0219
[MDN][Epoch  13/20] loss=-14.356163 (nll=-11.895182, kl=8.811710, hour_ce=2.902662)
[MDN][Diag] effK_med=1.06 | maxPi_med=0.989 | entropy_med=0.058 | sigma_med=0.005 | ||mu||_med=0.949
[MDN][Diag] Horas: pico= 17 | madrugada(0-3)=0.041 | tarde(15-18)=0.264 | noite(20-23)=0.212
[MDN][Prior h|OD] JSD=0.0000 peak_pred=18 peak_true=18 std_pred=0.0219 std_true=0.0219
[MDN][Epoch  14/20] loss=-14.368084 (nll=-13.104575, kl=8.730178, hour_ce=2.879883)
[MDN][Diag] effK_med=1.08 | maxPi_med=0.985 | entropy_med=0.075 | sigma_med=0.006 | ||mu||_med=0.947
[MDN][Diag] Horas: pico= 17 | madrugada(0-3)=0.041 | tarde(15-18)=0.264 | noite(20-23)=0.212
[MDN][Prior h|OD] JSD=0.0000 peak_pred=18 peak_true=18 std_pred=0.0219 std_true=0.0219
[MDN][Epoch  15/20] loss=-14.475444 (nll=-12.486020, kl=8.635475, hour_ce=2.825671)
[MDN][Diag] effK_med=1.11 | maxPi_med=0.978 | entropy_med=0.104 | sigma_med=0.008 | ||mu||_med=0.951
[MDN][Diag] Horas: pico= 17 | madrugada(0-3)=0.041 | tarde(15-18)=0.264 | noite(20-23)=0.212
[MDN][Prior h|OD] JSD=0.0000 peak_pred=18 peak_true=18 std_pred=0.0219 std_true=0.0219
[MDN][Epoch  16/20] loss=-14.593356 (nll=-13.289465, kl=8.435736, hour_ce=2.822891)
[MDN][Diag] effK_med=1.09 | maxPi_med=0.984 | entropy_med=0.086 | sigma_med=0.009 | ||mu||_med=0.953
[MDN][Diag] Horas: pico= 17 | madrugada(0-3)=0.041 | tarde(15-18)=0.264 | noite(20-23)=0.212
[MDN][Prior h|OD] JSD=0.0000 peak_pred=18 peak_true=18 std_pred=0.0219 std_true=0.0219
[MDN][Epoch  17/20] loss=-14.733920 (nll=-13.170005, kl=8.981029, hour_ce=2.851337)
[MDN][Diag] effK_med=1.10 | maxPi_med=0.983 | entropy_med=0.093 | sigma_med=0.010 | ||mu||_med=0.947
[MDN][Diag] Horas: pico= 17 | madrugada(0-3)=0.041 | tarde(15-18)=0.264 | noite(20-23)=0.211
[MDN][Prior h|OD] JSD=0.0000 peak_pred=18 peak_true=18 std_pred=0.0219 std_true=0.0219
[MDN][Epoch  18/20] loss=-14.981043 (nll=-13.626840, kl=8.895455, hour_ce=2.912265)
[MDN][Diag] effK_med=1.10 | maxPi_med=0.982 | entropy_med=0.092 | sigma_med=0.009 | ||mu||_med=0.948
[MDN][Diag] Horas: pico= 17 | madrugada(0-3)=0.041 | tarde(15-18)=0.264 | noite(20-23)=0.212
[MDN][Prior h|OD] JSD=0.0000 peak_pred=18 peak_true=18 std_pred=0.0219 std_true=0.0219
[MDN][Epoch  19/20] loss=-15.192896 (nll=-13.801189, kl=8.928785, hour_ce=2.947158)
[MDN][Diag] effK_med=1.08 | maxPi_med=0.984 | entropy_med=0.077 | sigma_med=0.009 | ||mu||_med=0.944
[MDN][Diag] Horas: pico= 17 | madrugada(0-3)=0.041 | tarde(15-18)=0.264 | noite(20-23)=0.212
[MDN][Prior h|OD] JSD=0.0000 peak_pred=18 peak_true=18 std_pred=0.0219 std_true=0.0219
[MDN][Epoch  20/20] loss=-15.419125 (nll=-9.335729, kl=9.059412, hour_ce=2.891049)
[MDN][Diag] effK_med=1.08 | maxPi_med=0.984 | entropy_med=0.078 | sigma_med=0.009 | ||mu||_med=0.957
[MDN][Diag] Horas: pico= 17 | madrugada(0-3)=0.041 | tarde(15-18)=0.264 | noite(20-23)=0.212
[MDN][Prior h|OD] JSD=0.0000 peak_pred=18 peak_true=18 std_pred=0.0219 std_true=0.0219
[Execução] Hiperparâmetros efetivos: {'embed_dim': 32, 'hidden_dims': (8,), 'latent_dim': 45, 'epochs': 20, 'batch_size': 256, 'lr': 0.00016067507015721257, 'kl_beta': 0.0008460324658651028, 'mdn_weight': 1.4}
[Debug][DF][train_df] rows=4322531 | cols=['tpep_pickup_datetime', 'sin_hr', 'cos_hr', 'PU_longitude', 'PU_latitude', 'DO_longitude', 'DO_latitude', 'PU_zone_id', 'PU_zone_name', 'DO_zone_id', 'DO_zone_name', 'OD', 'pickup_location', 'dropoff_location', 'od_pair', 'pickup_id', 'dropoff_id', 'od_id', 'hora_do_dia']
[Debug][DF][train_df] datetime range: 2024-04-01 00:00:02 .. 2024-05-11 23:59:59
[Debug][DF][train_df] null_frac[sin_hr]=0.0000
[Debug][DF][train_df] null_frac[cos_hr]=0.0000
[Debug][DF][train_df] null_frac[pickup_id]=0.0000
[Debug][DF][train_df] null_frac[dropoff_id]=0.0000
[Debug][DF][train_df] null_frac[od_id]=0.0000
[Debug][DF][train_df] null_frac[od_pair]=0.0000
[Debug][DF][train_df] null_frac[hora_do_dia]=0.0000
[Debug][DF][val_df] rows=1993046 | cols=['tpep_pickup_datetime', 'sin_hr', 'cos_hr', 'PU_longitude', 'PU_latitude', 'DO_longitude', 'DO_latitude', 'PU_zone_id', 'PU_zone_name', 'DO_zone_id', 'DO_zone_name', 'OD', 'pickup_location', 'dropoff_location', 'pickup_id', 'dropoff_id', 'od_pair', 'od_id', 'hora_do_dia']
[Debug][DF][val_df] datetime range: 2024-05-13 00:00:01 .. 2024-05-31 23:59:58
[Debug][DF][val_df] null_frac[sin_hr]=0.0000
[Debug][DF][val_df] null_frac[cos_hr]=0.0000
[Debug][DF][val_df] null_frac[pickup_id]=0.0000
[Debug][DF][val_df] null_frac[dropoff_id]=0.0000
[Debug][DF][val_df] null_frac[od_id]=0.0000
[Debug][DF][val_df] null_frac[od_pair]=0.0000
[Debug][DF][val_df] null_frac[hora_do_dia]=0.0000
[Debug][DF][hold_df] rows=0 | cols=['tpep_pickup_datetime', 'sin_hr', 'cos_hr', 'PU_longitude', 'PU_latitude', 'DO_longitude', 'DO_latitude']
[Debug][DF][hold_df] null_frac[sin_hr]=nan
[Debug][DF][hold_df] null_frac[cos_hr]=nan
[Debug][train_df:hour] hist24=[0.0237, 0.0135, 0.0084, 0.0054, 0.0044, 0.0063, 0.0152, 0.0309, 0.041, 0.0425, 0.044, 0.0473, 0.0516, 0.0531, 0.0569, 0.0594, 0.0609, 0.0687, 0.073, 0.0642, 0.0596, 0.062, 0.0611, 0.0469] | peak=18 | sum=1.000000 | std=0.021925
[Debug][train_df] top3_hours=[18, 17, 19] top3_vals=[0.073, 0.0687, 0.0642]
[Debug][val_df:hour] hist24=[0.0226, 0.0123, 0.0071, 0.0046, 0.0045, 0.0066, 0.0156, 0.0321, 0.0424, 0.045, 0.0451, 0.0476, 0.0517, 0.054, 0.0604, 0.0622, 0.062, 0.0698, 0.0731, 0.0627, 0.0556, 0.0614, 0.0575, 0.044] | peak=18 | sum=1.000000 | std=0.022114
[Debug][val_df] top3_hours=[18, 17, 19] top3_vals=[0.0731, 0.0698, 0.0627]
[Debug][hold_df:hour] hist24=[0.0, 0.0, 0.0, 0.0, 0.0, 0.0, 0.0, 0.0, 0.0, 0.0, 0.0, 0.0, 0.0, 0.0, 0.0, 0.0, 0.0, 0.0, 0.0, 0.0, 0.0, 0.0, 0.0, 0.0] | peak=0 | sum=0.000000 | std=0.000000
[Debug][hold_df] top3_hours=[23, 22, 1] top3_vals=[0.0, 0.0, 0.0]
[Diag][klx1p25_mdw1p4-train] |μ| mean=0.4831, median=0.4644, σ mean=0.0004, median=0.0001, KL mean=399.7316, std=45.4588
[Diag][klx1p25_mdw1p4-val] |μ| mean=0.4828, median=0.4641, σ mean=0.0004, median=0.0001, KL mean=399.1423, std=45.4042
[Diag][decoder] Avaliando 5 pares com 1024 amostras latentes...
  - upper east side south-upper east side north: entropia=1.082, comp_ativos≈5, top_componentes=[{'component': 5, 'pi': 0.694515585899353, 'hora_média': 8.224676132202148, 'hora_std': 3.0237972736358643, 'sigma_mean': 0.1690152883529663}, {'component': 0, 'pi': 0.10013706982135773, 'hora_média': 14.6013765335083, 'hora_std': 1.6168586015701294, 'sigma_mean': 0.1769898235797882}, {'component': 2, 'pi': 0.08052466809749603, 'hora_média': 11.829999923706055, 'hora_std': 9.091615676879883, 'sigma_mean': 0.20105233788490295}]
  - upper east side north-upper east side south: entropia=0.941, comp_ativos≈4, top_componentes=[{'component': 5, 'pi': 0.7464724183082581, 'hora_média': 8.402294158935547, 'hora_std': 2.878486156463623, 'sigma_mean': 0.1208324134349823}, {'component': 0, 'pi': 0.09670659899711609, 'hora_média': 14.603964805603027, 'hora_std': 1.649154543876648, 'sigma_mean': 0.1497231274843216}, {'component': 1, 'pi': 0.05984770879149437, 'hora_média': 7.388984680175781, 'hora_std': 7.196884632110596, 'sigma_mean': 0.17122840881347656}]
  - upper east side north-upper east side north: entropia=0.941, comp_ativos≈4, top_componentes=[{'component': 5, 'pi': 0.7461398839950562, 'hora_média': 8.420219421386719, 'hora_std': 3.1258771419525146, 'sigma_mean': 0.1209380179643631}, {'component': 0, 'pi': 0.09697181731462479, 'hora_média': 14.578714370727539, 'hora_std': 1.7175140380859375, 'sigma_mean': 0.14937439560890198}, {'component': 1, 'pi': 0.06078910455107689, 'hora_média': 7.65934419631958, 'hora_std': 7.423429489135742, 'sigma_mean': 0.17130807042121887}]
  - upper east side south-upper east side south: entropia=1.109, comp_ativos≈5, top_componentes=[{'component': 5, 'pi': 0.6835312843322754, 'hora_média': 8.135475158691406, 'hora_std': 2.6708266735076904, 'sigma_mean': 0.1717454195022583}, {'component': 0, 'pi': 0.10463213920593262, 'hora_média': 14.648578643798828, 'hora_std': 1.3915740251541138, 'sigma_mean': 0.18526044487953186}, {'component': 2, 'pi': 0.07870616763830185, 'hora_média': 12.2745943069458, 'hora_std': 9.201736450195312, 'sigma_mean': 0.20979514718055725}]
  - midtown center-upper east side south: entropia=1.033, comp_ativos≈5, top_componentes=[{'component': 5, 'pi': 0.7121446132659912, 'hora_média': 8.188343048095703, 'hora_std': 2.873243570327759, 'sigma_mean': 0.14278730750083923}, {'component': 0, 'pi': 0.10504815727472305, 'hora_média': 14.751389503479004, 'hora_std': 1.5098743438720703, 'sigma_mean': 0.17232105135917664}, {'component': 1, 'pi': 0.06920450925827026, 'hora_média': 7.62230110168457, 'hora_std': 7.812018394470215, 'sigma_mean': 0.19457314908504486}]
[Geração][klx1p25_mdw1p4] Amostrando 4322531 linhas sintéticas...
[Geração][klx1p25_mdw1p4] Amostras geradas (head):
     sin_hr  ...  hora_do_dia
0 -0.996003  ...           18
1 -0.144678  ...           13
2 -0.786216  ...           15
3 -0.842291  ...           20
4  0.220924  ...            1

[5 rows x 10 columns]
[Debug][DF][synth_df] rows=4322531 | cols=['sin_hr', 'cos_hr', 'pickup_id', 'dropoff_id', 'od_id', 'hora_target', 'pickup_location', 'dropoff_location', 'od_pair', 'hora_do_dia']
[Debug][DF][synth_df] null_frac[sin_hr]=0.0000
[Debug][DF][synth_df] null_frac[cos_hr]=0.0000
[Debug][DF][synth_df] null_frac[pickup_id]=0.0000
[Debug][DF][synth_df] null_frac[dropoff_id]=0.0000
[Debug][DF][synth_df] null_frac[od_id]=0.0000
[Debug][DF][synth_df] null_frac[od_pair]=0.0000
[Debug][DF][synth_df] null_frac[hora_do_dia]=0.0000
[Debug][synth_df] sincos: mean_norm=1.0000 std_norm=0.0000 min_norm=1.0000 max_norm=1.0000 frac_in_[0.85,1.15]=1.000
[Debug][synth_df:hour] hist24=[0.0353, 0.0238, 0.0143, 0.0099, 0.0089, 0.011, 0.0192, 0.0326, 0.0389, 0.0401, 0.0423, 0.0515, 0.0578, 0.0579, 0.056, 0.0534, 0.0565, 0.0658, 0.0741, 0.0664, 0.0534, 0.0465, 0.0433, 0.041] | peak=18 | sum=1.000000 | std=0.018620
[Debug][synth_df] top3_hours=[18, 19, 17] top3_vals=[0.0741, 0.0664, 0.0658]
[Geração][klx1p25_mdw1p4] Métrica OD (treino) max|Δ| = 0.0026
[Hora][klx1p25_mdw1p4:train] pico_real=18 | pico_synth=18 | L1=0.131
[Hora][klx1p25_mdw1p4:train] madrugada(0-3) real=0.051 synth=0.083 | tarde(15-18) real=0.262 synth=0.250 | noite(20-23) real=0.230 synth=0.184
[HoraCmp][klx1p25_mdw1p4:train] L1=0.1313 L2=0.0339 JSD=0.0047 chi2=0.0350 EMD=0.8953 | std_real=0.0219 std_synth=0.0186
[ODcov][klx1p25_mdw1p4:train] top_k=10 coverage=1.000 counts_synth={'upper east side south-upper east side north': 32826, 'upper east side north-upper east side south': 28158, 'upper east side south-upper east side south': 21672, 'upper east side north-upper east side north': 21588, 'midtown center-upper east side south': 14958, 'upper east side south-midtown center': 13213, 'midtown center-upper east side north': 12765, 'upper east side south-midtown east': 11585, 'lincoln square east-upper west side south': 11298, 'upper west side south-lincoln square east': 11143}
[Geração][klx1p25_mdw1p4] Métrica OD (validação) max|Δ| = 0.0028
[Hora][klx1p25_mdw1p4:val] pico_real=18 | pico_synth=18 | L1=0.136
[Hora][klx1p25_mdw1p4:val] madrugada(0-3) real=0.047 synth=0.083 | tarde(15-18) real=0.267 synth=0.250 | noite(20-23) real=0.218 synth=0.184
[HoraCmp][klx1p25_mdw1p4:val] L1=0.1360 L2=0.0336 JSD=0.0051 chi2=0.0360 EMD=0.8253 | std_real=0.0221 std_synth=0.0186
[HoraOD][klx1p25_mdw1p4:val] Avaliando top-6 pares: ['upper east side south-upper east side north', 'upper east side north-upper east side south', 'upper east side north-upper east side north', 'upper east side south-upper east side south', 'midtown center-upper east side south', 'upper east side south-midtown center']
  - upper east side south-upper east side north: L1=0.166 | Δtarde(15-18)=-0.025 | Δnoite(20-23)=-0.016
  - upper east side north-upper east side south: L1=0.113 | Δtarde(15-18)=-0.047 | Δnoite(20-23)=+0.001
  - upper east side north-upper east side north: L1=0.144 | Δtarde(15-18)=-0.029 | Δnoite(20-23)=-0.005
  - upper east side south-upper east side south: L1=0.103 | Δtarde(15-18)=-0.018 | Δnoite(20-23)=-0.012
  - midtown center-upper east side south: L1=0.159 | Δtarde(15-18)=-0.034 | Δnoite(20-23)=-0.007
  - upper east side south-midtown center: L1=0.135 | Δtarde(15-18)=-0.027 | Δnoite(20-23)=-0.009
[ODcov][klx1p25_mdw1p4:val] top_k=10 coverage=1.000 counts_synth={'upper east side south-upper east side north': 32826, 'upper east side north-upper east side south': 28158, 'upper east side north-upper east side north': 21588, 'upper east side south-upper east side south': 21672, 'midtown center-upper east side south': 14958, 'upper east side south-midtown center': 13213, 'midtown center-upper east side north': 12765, 'upper east side south-midtown east': 11585, 'upper west side south-lincoln square east': 11143, 'upper east side north-midtown center': 10652}
[Geração][klx1p25_mdw1p4] Dados sintéticos salvos em /home-ext/caioloss/Dados/viagens_synth_vae_od_klx1p25_mdw1p4.parquet
[Gráficos][klx1p25_mdw1p4] Gerando comparativos (validação) em /home/caioloss/arquivos/VAE/graficos/od_analysis/validation...
[Gráficos][klx1p25_mdw1p4] Plotando dispersão MDN em /home/caioloss/arquivos/VAE/graficos/od_analysis/validation/mdn_dispersion_klx1p25_mdw1p4.png...
/home/caioloss/arquivos/VAE/train_vae_hlp.py:633: UserWarning: This figure includes Axes that are not compatible with tight_layout, so results might be incorrect.
  fig.tight_layout(rect=[0, 0, 1, 0.92])
[CSV] Agregado geral salvo em: /home/caioloss/arquivos/VAE/save_data/od_hora_dia_geral.csv
[CSV] Agregado validação salvo em: /home/caioloss/arquivos/VAE/save_data/od_hora_dia_validacao.csv
[CSV] Agregado sintético salvo em: /home/caioloss/arquivos/VAE/save_data/od_hora_dia_sintetico.csv
[Gráficos] Arquivos gerados:
   - /home/caioloss/arquivos/VAE/graficos/od_analysis/hora_global.png
   - /home/caioloss/arquivos/VAE/graficos/od_analysis/hora_por_top10_od.png
   - /home/caioloss/arquivos/VAE/graficos/od_analysis/od_cdf_rank.png
   - /home/caioloss/arquivos/VAE/graficos/od_analysis/od_diferencas_top20.png
   - /home/caioloss/arquivos/VAE/graficos/od_analysis/od_heatmap_real.png
   - /home/caioloss/arquivos/VAE/graficos/od_analysis/od_heatmap_synth.png
   - /home/caioloss/arquivos/VAE/graficos/od_analysis/od_top10_barras.png
   - /home/caioloss/arquivos/VAE/graficos/od_analysis/validation/hora_global.png
   - /home/caioloss/arquivos/VAE/graficos/od_analysis/validation/hora_global_base.png
   - /home/caioloss/arquivos/VAE/graficos/od_analysis/validation/hora_global_klx0p005_mdw2p0.png
   - /home/caioloss/arquivos/VAE/graficos/od_analysis/validation/hora_global_klx0p05_mdw2p0.png
   - /home/caioloss/arquivos/VAE/graficos/od_analysis/validation/hora_global_klx0p75_mdw1p8.png
   - /home/caioloss/arquivos/VAE/graficos/od_analysis/validation/hora_global_klx100p0_mdw0p18.png
   - /home/caioloss/arquivos/VAE/graficos/od_analysis/validation/hora_global_klx10_mdn1.0.png
   - /home/caioloss/arquivos/VAE/graficos/od_analysis/validation/hora_global_klx10p0_mdw0p6.png
   - /home/caioloss/arquivos/VAE/graficos/od_analysis/validation/hora_global_klx12p0_mdw0p55.png
   - /home/caioloss/arquivos/VAE/graficos/od_analysis/validation/hora_global_klx15_mdn0.8.png
   - /home/caioloss/arquivos/VAE/graficos/od_analysis/validation/hora_global_klx15p0_mdw0p5.png
   - /home/caioloss/arquivos/VAE/graficos/od_analysis/validation/hora_global_klx1p0_mdw1p6.png
   - /home/caioloss/arquivos/VAE/graficos/od_analysis/validation/hora_global_klx1p25_mdw1p4.png
   - /home/caioloss/arquivos/VAE/graficos/od_analysis/validation/hora_global_klx1p5_mdw1p2.png
   - /home/caioloss/arquivos/VAE/graficos/od_analysis/validation/hora_global_klx20p0_mdw0p45.png
   - /home/caioloss/arquivos/VAE/graficos/od_analysis/validation/hora_global_klx25p0_mdw0p4.png
   - /home/caioloss/arquivos/VAE/graficos/od_analysis/validation/hora_global_klx2p0_mdw1p0.png
   - /home/caioloss/arquivos/VAE/graficos/od_analysis/validation/hora_global_klx30_mdn0.6.png
   - /home/caioloss/arquivos/VAE/graficos/od_analysis/validation/hora_global_klx30p0_mdw0p35.png
   - /home/caioloss/arquivos/VAE/graficos/od_analysis/validation/hora_global_klx35p0_mdw0p32.png
   - /home/caioloss/arquivos/VAE/graficos/od_analysis/validation/hora_global_klx3p0_mdw0p9.png
   - /home/caioloss/arquivos/VAE/graficos/od_analysis/validation/hora_global_klx40p0_mdw0p28.png
   - /home/caioloss/arquivos/VAE/graficos/od_analysis/validation/hora_global_klx4p0_mdw0p8.png
   - /home/caioloss/arquivos/VAE/graficos/od_analysis/validation/hora_global_klx50p0_mdw0p25.png
   - /home/caioloss/arquivos/VAE/graficos/od_analysis/validation/hora_global_klx5_mdn1.2.png
   - /home/caioloss/arquivos/VAE/graficos/od_analysis/validation/hora_global_klx5p0_mdw0p7.png
   - /home/caioloss/arquivos/VAE/graficos/od_analysis/validation/hora_global_klx60p0_mdw0p22.png
   - /home/caioloss/arquivos/VAE/graficos/od_analysis/validation/hora_global_klx7p5_mdw0p65.png
   - /home/caioloss/arquivos/VAE/graficos/od_analysis/validation/hora_global_klx80p0_mdw0p2.png
   - /home/caioloss/arquivos/VAE/graficos/od_analysis/validation/hora_por_top10_od.png
   - /home/caioloss/arquivos/VAE/graficos/od_analysis/validation/hora_por_top10_od_base.png
   - /home/caioloss/arquivos/VAE/graficos/od_analysis/validation/hora_por_top10_od_klx0p005_mdw2p0.png
   - /home/caioloss/arquivos/VAE/graficos/od_analysis/validation/hora_por_top10_od_klx0p05_mdw2p0.png
   - /home/caioloss/arquivos/VAE/graficos/od_analysis/validation/hora_por_top10_od_klx0p75_mdw1p8.png
   - /home/caioloss/arquivos/VAE/graficos/od_analysis/validation/hora_por_top10_od_klx100p0_mdw0p18.png
   - /home/caioloss/arquivos/VAE/graficos/od_analysis/validation/hora_por_top10_od_klx10_mdn1.0.png
   - /home/caioloss/arquivos/VAE/graficos/od_analysis/validation/hora_por_top10_od_klx10p0_mdw0p6.png
   - /home/caioloss/arquivos/VAE/graficos/od_analysis/validation/hora_por_top10_od_klx12p0_mdw0p55.png
   - /home/caioloss/arquivos/VAE/graficos/od_analysis/validation/hora_por_top10_od_klx15_mdn0.8.png
   - /home/caioloss/arquivos/VAE/graficos/od_analysis/validation/hora_por_top10_od_klx15p0_mdw0p5.png
   - /home/caioloss/arquivos/VAE/graficos/od_analysis/validation/hora_por_top10_od_klx1p0_mdw1p6.png
   - /home/caioloss/arquivos/VAE/graficos/od_analysis/validation/hora_por_top10_od_klx1p25_mdw1p4.png
   - /home/caioloss/arquivos/VAE/graficos/od_analysis/validation/hora_por_top10_od_klx1p5_mdw1p2.png
   - /home/caioloss/arquivos/VAE/graficos/od_analysis/validation/hora_por_top10_od_klx20p0_mdw0p45.png
   - /home/caioloss/arquivos/VAE/graficos/od_analysis/validation/hora_por_top10_od_klx25p0_mdw0p4.png
   - /home/caioloss/arquivos/VAE/graficos/od_analysis/validation/hora_por_top10_od_klx2p0_mdw1p0.png
   - /home/caioloss/arquivos/VAE/graficos/od_analysis/validation/hora_por_top10_od_klx30_mdn0.6.png
   - /home/caioloss/arquivos/VAE/graficos/od_analysis/validation/hora_por_top10_od_klx30p0_mdw0p35.png
   - /home/caioloss/arquivos/VAE/graficos/od_analysis/validation/hora_por_top10_od_klx35p0_mdw0p32.png
   - /home/caioloss/arquivos/VAE/graficos/od_analysis/validation/hora_por_top10_od_klx3p0_mdw0p9.png
   - /home/caioloss/arquivos/VAE/graficos/od_analysis/validation/hora_por_top10_od_klx40p0_mdw0p28.png
   - /home/caioloss/arquivos/VAE/graficos/od_analysis/validation/hora_por_top10_od_klx4p0_mdw0p8.png
   - /home/caioloss/arquivos/VAE/graficos/od_analysis/validation/hora_por_top10_od_klx50p0_mdw0p25.png
   - /home/caioloss/arquivos/VAE/graficos/od_analysis/validation/hora_por_top10_od_klx5_mdn1.2.png
   - /home/caioloss/arquivos/VAE/graficos/od_analysis/validation/hora_por_top10_od_klx5p0_mdw0p7.png
   - /home/caioloss/arquivos/VAE/graficos/od_analysis/validation/hora_por_top10_od_klx60p0_mdw0p22.png
   - /home/caioloss/arquivos/VAE/graficos/od_analysis/validation/hora_por_top10_od_klx7p5_mdw0p65.png
   - /home/caioloss/arquivos/VAE/graficos/od_analysis/validation/hora_por_top10_od_klx80p0_mdw0p2.png
   - /home/caioloss/arquivos/VAE/graficos/od_analysis/validation/mdn_dispersion_base.png
   - /home/caioloss/arquivos/VAE/graficos/od_analysis/validation/mdn_dispersion_klx0p005_mdw2p0.png
   - /home/caioloss/arquivos/VAE/graficos/od_analysis/validation/mdn_dispersion_klx0p05_mdw2p0.png
   - /home/caioloss/arquivos/VAE/graficos/od_analysis/validation/mdn_dispersion_klx0p75_mdw1p8.png
   - /home/caioloss/arquivos/VAE/graficos/od_analysis/validation/mdn_dispersion_klx100p0_mdw0p18.png
   - /home/caioloss/arquivos/VAE/graficos/od_analysis/validation/mdn_dispersion_klx10_mdn1.0.png
   - /home/caioloss/arquivos/VAE/graficos/od_analysis/validation/mdn_dispersion_klx10p0_mdw0p6.png
   - /home/caioloss/arquivos/VAE/graficos/od_analysis/validation/mdn_dispersion_klx12p0_mdw0p55.png
   - /home/caioloss/arquivos/VAE/graficos/od_analysis/validation/mdn_dispersion_klx15_mdn0.8.png
   - /home/caioloss/arquivos/VAE/graficos/od_analysis/validation/mdn_dispersion_klx15p0_mdw0p5.png
   - /home/caioloss/arquivos/VAE/graficos/od_analysis/validation/mdn_dispersion_klx1p0_mdw1p6.png
   - /home/caioloss/arquivos/VAE/graficos/od_analysis/validation/mdn_dispersion_klx1p25_mdw1p4.png
   - /home/caioloss/arquivos/VAE/graficos/od_analysis/validation/mdn_dispersion_klx1p5_mdw1p2.png
   - /home/caioloss/arquivos/VAE/graficos/od_analysis/validation/mdn_dispersion_klx20p0_mdw0p45.png
   - /home/caioloss/arquivos/VAE/graficos/od_analysis/validation/mdn_dispersion_klx25p0_mdw0p4.png
   - /home/caioloss/arquivos/VAE/graficos/od_analysis/validation/mdn_dispersion_klx2p0_mdw1p0.png
   - /home/caioloss/arquivos/VAE/graficos/od_analysis/validation/mdn_dispersion_klx30_mdn0.6.png
   - /home/caioloss/arquivos/VAE/graficos/od_analysis/validation/mdn_dispersion_klx30p0_mdw0p35.png
   - /home/caioloss/arquivos/VAE/graficos/od_analysis/validation/mdn_dispersion_klx35p0_mdw0p32.png
   - /home/caioloss/arquivos/VAE/graficos/od_analysis/validation/mdn_dispersion_klx3p0_mdw0p9.png
   - /home/caioloss/arquivos/VAE/graficos/od_analysis/validation/mdn_dispersion_klx40p0_mdw0p28.png
   - /home/caioloss/arquivos/VAE/graficos/od_analysis/validation/mdn_dispersion_klx4p0_mdw0p8.png
   - /home/caioloss/arquivos/VAE/graficos/od_analysis/validation/mdn_dispersion_klx50p0_mdw0p25.png
   - /home/caioloss/arquivos/VAE/graficos/od_analysis/validation/mdn_dispersion_klx5_mdn1.2.png
   - /home/caioloss/arquivos/VAE/graficos/od_analysis/validation/mdn_dispersion_klx5p0_mdw0p7.png
   - /home/caioloss/arquivos/VAE/graficos/od_analysis/validation/mdn_dispersion_klx60p0_mdw0p22.png
   - /home/caioloss/arquivos/VAE/graficos/od_analysis/validation/mdn_dispersion_klx7p5_mdw0p65.png
   - /home/caioloss/arquivos/VAE/graficos/od_analysis/validation/mdn_dispersion_klx80p0_mdw0p2.png
   - /home/caioloss/arquivos/VAE/graficos/od_analysis/validation/od_cdf_rank.png
   - /home/caioloss/arquivos/VAE/graficos/od_analysis/validation/od_cdf_rank_base.png
   - /home/caioloss/arquivos/VAE/graficos/od_analysis/validation/od_cdf_rank_klx0p005_mdw2p0.png
   - /home/caioloss/arquivos/VAE/graficos/od_analysis/validation/od_cdf_rank_klx0p05_mdw2p0.png
   - /home/caioloss/arquivos/VAE/graficos/od_analysis/validation/od_cdf_rank_klx0p75_mdw1p8.png
   - /home/caioloss/arquivos/VAE/graficos/od_analysis/validation/od_cdf_rank_klx100p0_mdw0p18.png
   - /home/caioloss/arquivos/VAE/graficos/od_analysis/validation/od_cdf_rank_klx10_mdn1.0.png
   - /home/caioloss/arquivos/VAE/graficos/od_analysis/validation/od_cdf_rank_klx10p0_mdw0p6.png
   - /home/caioloss/arquivos/VAE/graficos/od_analysis/validation/od_cdf_rank_klx12p0_mdw0p55.png
   - /home/caioloss/arquivos/VAE/graficos/od_analysis/validation/od_cdf_rank_klx15_mdn0.8.png
   - /home/caioloss/arquivos/VAE/graficos/od_analysis/validation/od_cdf_rank_klx15p0_mdw0p5.png
   - /home/caioloss/arquivos/VAE/graficos/od_analysis/validation/od_cdf_rank_klx1p0_mdw1p6.png
   - /home/caioloss/arquivos/VAE/graficos/od_analysis/validation/od_cdf_rank_klx1p25_mdw1p4.png
   - /home/caioloss/arquivos/VAE/graficos/od_analysis/validation/od_cdf_rank_klx1p5_mdw1p2.png
   - /home/caioloss/arquivos/VAE/graficos/od_analysis/validation/od_cdf_rank_klx20p0_mdw0p45.png
   - /home/caioloss/arquivos/VAE/graficos/od_analysis/validation/od_cdf_rank_klx25p0_mdw0p4.png
   - /home/caioloss/arquivos/VAE/graficos/od_analysis/validation/od_cdf_rank_klx2p0_mdw1p0.png
   - /home/caioloss/arquivos/VAE/graficos/od_analysis/validation/od_cdf_rank_klx30_mdn0.6.png
   - /home/caioloss/arquivos/VAE/graficos/od_analysis/validation/od_cdf_rank_klx30p0_mdw0p35.png
   - /home/caioloss/arquivos/VAE/graficos/od_analysis/validation/od_cdf_rank_klx35p0_mdw0p32.png
   - /home/caioloss/arquivos/VAE/graficos/od_analysis/validation/od_cdf_rank_klx3p0_mdw0p9.png
   - /home/caioloss/arquivos/VAE/graficos/od_analysis/validation/od_cdf_rank_klx40p0_mdw0p28.png
   - /home/caioloss/arquivos/VAE/graficos/od_analysis/validation/od_cdf_rank_klx4p0_mdw0p8.png
   - /home/caioloss/arquivos/VAE/graficos/od_analysis/validation/od_cdf_rank_klx50p0_mdw0p25.png
   - /home/caioloss/arquivos/VAE/graficos/od_analysis/validation/od_cdf_rank_klx5_mdn1.2.png
   - /home/caioloss/arquivos/VAE/graficos/od_analysis/validation/od_cdf_rank_klx5p0_mdw0p7.png
   - /home/caioloss/arquivos/VAE/graficos/od_analysis/validation/od_cdf_rank_klx60p0_mdw0p22.png
   - /home/caioloss/arquivos/VAE/graficos/od_analysis/validation/od_cdf_rank_klx7p5_mdw0p65.png
   - /home/caioloss/arquivos/VAE/graficos/od_analysis/validation/od_cdf_rank_klx80p0_mdw0p2.png
   - /home/caioloss/arquivos/VAE/graficos/od_analysis/validation/od_diferencas_top20.png
   - /home/caioloss/arquivos/VAE/graficos/od_analysis/validation/od_diferencas_top20_base.png
   - /home/caioloss/arquivos/VAE/graficos/od_analysis/validation/od_diferencas_top20_klx0p005_mdw2p0.png
   - /home/caioloss/arquivos/VAE/graficos/od_analysis/validation/od_diferencas_top20_klx0p05_mdw2p0.png
   - /home/caioloss/arquivos/VAE/graficos/od_analysis/validation/od_diferencas_top20_klx0p75_mdw1p8.png
   - /home/caioloss/arquivos/VAE/graficos/od_analysis/validation/od_diferencas_top20_klx100p0_mdw0p18.png
   - /home/caioloss/arquivos/VAE/graficos/od_analysis/validation/od_diferencas_top20_klx10_mdn1.0.png
   - /home/caioloss/arquivos/VAE/graficos/od_analysis/validation/od_diferencas_top20_klx10p0_mdw0p6.png
   - /home/caioloss/arquivos/VAE/graficos/od_analysis/validation/od_diferencas_top20_klx12p0_mdw0p55.png
   - /home/caioloss/arquivos/VAE/graficos/od_analysis/validation/od_diferencas_top20_klx15_mdn0.8.png
   - /home/caioloss/arquivos/VAE/graficos/od_analysis/validation/od_diferencas_top20_klx15p0_mdw0p5.png
   - /home/caioloss/arquivos/VAE/graficos/od_analysis/validation/od_diferencas_top20_klx1p0_mdw1p6.png
   - /home/caioloss/arquivos/VAE/graficos/od_analysis/validation/od_diferencas_top20_klx1p25_mdw1p4.png
   - /home/caioloss/arquivos/VAE/graficos/od_analysis/validation/od_diferencas_top20_klx1p5_mdw1p2.png
   - /home/caioloss/arquivos/VAE/graficos/od_analysis/validation/od_diferencas_top20_klx20p0_mdw0p45.png
   - /home/caioloss/arquivos/VAE/graficos/od_analysis/validation/od_diferencas_top20_klx25p0_mdw0p4.png
   - /home/caioloss/arquivos/VAE/graficos/od_analysis/validation/od_diferencas_top20_klx2p0_mdw1p0.png
   - /home/caioloss/arquivos/VAE/graficos/od_analysis/validation/od_diferencas_top20_klx30_mdn0.6.png
   - /home/caioloss/arquivos/VAE/graficos/od_analysis/validation/od_diferencas_top20_klx30p0_mdw0p35.png
   - /home/caioloss/arquivos/VAE/graficos/od_analysis/validation/od_diferencas_top20_klx35p0_mdw0p32.png
   - /home/caioloss/arquivos/VAE/graficos/od_analysis/validation/od_diferencas_top20_klx3p0_mdw0p9.png
   - /home/caioloss/arquivos/VAE/graficos/od_analysis/validation/od_diferencas_top20_klx40p0_mdw0p28.png
   - /home/caioloss/arquivos/VAE/graficos/od_analysis/validation/od_diferencas_top20_klx4p0_mdw0p8.png
   - /home/caioloss/arquivos/VAE/graficos/od_analysis/validation/od_diferencas_top20_klx50p0_mdw0p25.png
   - /home/caioloss/arquivos/VAE/graficos/od_analysis/validation/od_diferencas_top20_klx5_mdn1.2.png
   - /home/caioloss/arquivos/VAE/graficos/od_analysis/validation/od_diferencas_top20_klx5p0_mdw0p7.png
   - /home/caioloss/arquivos/VAE/graficos/od_analysis/validation/od_diferencas_top20_klx60p0_mdw0p22.png
   - /home/caioloss/arquivos/VAE/graficos/od_analysis/validation/od_diferencas_top20_klx7p5_mdw0p65.png
   - /home/caioloss/arquivos/VAE/graficos/od_analysis/validation/od_diferencas_top20_klx80p0_mdw0p2.png
   - /home/caioloss/arquivos/VAE/graficos/od_analysis/validation/od_heatmap_real.png
   - /home/caioloss/arquivos/VAE/graficos/od_analysis/validation/od_heatmap_real_base.png
   - /home/caioloss/arquivos/VAE/graficos/od_analysis/validation/od_heatmap_real_klx0p005_mdw2p0.png
   - /home/caioloss/arquivos/VAE/graficos/od_analysis/validation/od_heatmap_real_klx0p05_mdw2p0.png
   - /home/caioloss/arquivos/VAE/graficos/od_analysis/validation/od_heatmap_real_klx0p75_mdw1p8.png
   - /home/caioloss/arquivos/VAE/graficos/od_analysis/validation/od_heatmap_real_klx100p0_mdw0p18.png
   - /home/caioloss/arquivos/VAE/graficos/od_analysis/validation/od_heatmap_real_klx10_mdn1.0.png
   - /home/caioloss/arquivos/VAE/graficos/od_analysis/validation/od_heatmap_real_klx10p0_mdw0p6.png
   - /home/caioloss/arquivos/VAE/graficos/od_analysis/validation/od_heatmap_real_klx12p0_mdw0p55.png
   - /home/caioloss/arquivos/VAE/graficos/od_analysis/validation/od_heatmap_real_klx15_mdn0.8.png
   - /home/caioloss/arquivos/VAE/graficos/od_analysis/validation/od_heatmap_real_klx15p0_mdw0p5.png
   - /home/caioloss/arquivos/VAE/graficos/od_analysis/validation/od_heatmap_real_klx1p0_mdw1p6.png
   - /home/caioloss/arquivos/VAE/graficos/od_analysis/validation/od_heatmap_real_klx1p25_mdw1p4.png
   - /home/caioloss/arquivos/VAE/graficos/od_analysis/validation/od_heatmap_real_klx1p5_mdw1p2.png
   - /home/caioloss/arquivos/VAE/graficos/od_analysis/validation/od_heatmap_real_klx20p0_mdw0p45.png
   - /home/caioloss/arquivos/VAE/graficos/od_analysis/validation/od_heatmap_real_klx25p0_mdw0p4.png
   - /home/caioloss/arquivos/VAE/graficos/od_analysis/validation/od_heatmap_real_klx2p0_mdw1p0.png
   - /home/caioloss/arquivos/VAE/graficos/od_analysis/validation/od_heatmap_real_klx30_mdn0.6.png
   - /home/caioloss/arquivos/VAE/graficos/od_analysis/validation/od_heatmap_real_klx30p0_mdw0p35.png
   - /home/caioloss/arquivos/VAE/graficos/od_analysis/validation/od_heatmap_real_klx35p0_mdw0p32.png
   - /home/caioloss/arquivos/VAE/graficos/od_analysis/validation/od_heatmap_real_klx3p0_mdw0p9.png
   - /home/caioloss/arquivos/VAE/graficos/od_analysis/validation/od_heatmap_real_klx40p0_mdw0p28.png
   - /home/caioloss/arquivos/VAE/graficos/od_analysis/validation/od_heatmap_real_klx4p0_mdw0p8.png
   - /home/caioloss/arquivos/VAE/graficos/od_analysis/validation/od_heatmap_real_klx50p0_mdw0p25.png
   - /home/caioloss/arquivos/VAE/graficos/od_analysis/validation/od_heatmap_real_klx5_mdn1.2.png
   - /home/caioloss/arquivos/VAE/graficos/od_analysis/validation/od_heatmap_real_klx5p0_mdw0p7.png
   - /home/caioloss/arquivos/VAE/graficos/od_analysis/validation/od_heatmap_real_klx60p0_mdw0p22.png
   - /home/caioloss/arquivos/VAE/graficos/od_analysis/validation/od_heatmap_real_klx7p5_mdw0p65.png
   - /home/caioloss/arquivos/VAE/graficos/od_analysis/validation/od_heatmap_real_klx80p0_mdw0p2.png
   - /home/caioloss/arquivos/VAE/graficos/od_analysis/validation/od_heatmap_synth.png
   - /home/caioloss/arquivos/VAE/graficos/od_analysis/validation/od_heatmap_synth_base.png
   - /home/caioloss/arquivos/VAE/graficos/od_analysis/validation/od_heatmap_synth_klx0p005_mdw2p0.png
   - /home/caioloss/arquivos/VAE/graficos/od_analysis/validation/od_heatmap_synth_klx0p05_mdw2p0.png
   - /home/caioloss/arquivos/VAE/graficos/od_analysis/validation/od_heatmap_synth_klx0p75_mdw1p8.png
   - /home/caioloss/arquivos/VAE/graficos/od_analysis/validation/od_heatmap_synth_klx100p0_mdw0p18.png
   - /home/caioloss/arquivos/VAE/graficos/od_analysis/validation/od_heatmap_synth_klx10_mdn1.0.png
   - /home/caioloss/arquivos/VAE/graficos/od_analysis/validation/od_heatmap_synth_klx10p0_mdw0p6.png
   - /home/caioloss/arquivos/VAE/graficos/od_analysis/validation/od_heatmap_synth_klx12p0_mdw0p55.png
   - /home/caioloss/arquivos/VAE/graficos/od_analysis/validation/od_heatmap_synth_klx15_mdn0.8.png
   - /home/caioloss/arquivos/VAE/graficos/od_analysis/validation/od_heatmap_synth_klx15p0_mdw0p5.png
   - /home/caioloss/arquivos/VAE/graficos/od_analysis/validation/od_heatmap_synth_klx1p0_mdw1p6.png
   - /home/caioloss/arquivos/VAE/graficos/od_analysis/validation/od_heatmap_synth_klx1p25_mdw1p4.png
   - /home/caioloss/arquivos/VAE/graficos/od_analysis/validation/od_heatmap_synth_klx1p5_mdw1p2.png
   - /home/caioloss/arquivos/VAE/graficos/od_analysis/validation/od_heatmap_synth_klx20p0_mdw0p45.png
   - /home/caioloss/arquivos/VAE/graficos/od_analysis/validation/od_heatmap_synth_klx25p0_mdw0p4.png
   - /home/caioloss/arquivos/VAE/graficos/od_analysis/validation/od_heatmap_synth_klx2p0_mdw1p0.png
   - /home/caioloss/arquivos/VAE/graficos/od_analysis/validation/od_heatmap_synth_klx30_mdn0.6.png
   - /home/caioloss/arquivos/VAE/graficos/od_analysis/validation/od_heatmap_synth_klx30p0_mdw0p35.png
   - /home/caioloss/arquivos/VAE/graficos/od_analysis/validation/od_heatmap_synth_klx35p0_mdw0p32.png
   - /home/caioloss/arquivos/VAE/graficos/od_analysis/validation/od_heatmap_synth_klx3p0_mdw0p9.png
   - /home/caioloss/arquivos/VAE/graficos/od_analysis/validation/od_heatmap_synth_klx40p0_mdw0p28.png
   - /home/caioloss/arquivos/VAE/graficos/od_analysis/validation/od_heatmap_synth_klx4p0_mdw0p8.png
   - /home/caioloss/arquivos/VAE/graficos/od_analysis/validation/od_heatmap_synth_klx50p0_mdw0p25.png
   - /home/caioloss/arquivos/VAE/graficos/od_analysis/validation/od_heatmap_synth_klx5_mdn1.2.png
   - /home/caioloss/arquivos/VAE/graficos/od_analysis/validation/od_heatmap_synth_klx5p0_mdw0p7.png
   - /home/caioloss/arquivos/VAE/graficos/od_analysis/validation/od_heatmap_synth_klx60p0_mdw0p22.png
   - /home/caioloss/arquivos/VAE/graficos/od_analysis/validation/od_heatmap_synth_klx7p5_mdw0p65.png
   - /home/caioloss/arquivos/VAE/graficos/od_analysis/validation/od_heatmap_synth_klx80p0_mdw0p2.png
   - /home/caioloss/arquivos/VAE/graficos/od_analysis/validation/od_top10_barras.png
   - /home/caioloss/arquivos/VAE/graficos/od_analysis/validation/od_top10_barras_base.png
   - /home/caioloss/arquivos/VAE/graficos/od_analysis/validation/od_top10_barras_klx0p005_mdw2p0.png
   - /home/caioloss/arquivos/VAE/graficos/od_analysis/validation/od_top10_barras_klx0p05_mdw2p0.png
   - /home/caioloss/arquivos/VAE/graficos/od_analysis/validation/od_top10_barras_klx0p75_mdw1p8.png
   - /home/caioloss/arquivos/VAE/graficos/od_analysis/validation/od_top10_barras_klx100p0_mdw0p18.png
   - /home/caioloss/arquivos/VAE/graficos/od_analysis/validation/od_top10_barras_klx10_mdn1.0.png
   - /home/caioloss/arquivos/VAE/graficos/od_analysis/validation/od_top10_barras_klx10p0_mdw0p6.png
   - /home/caioloss/arquivos/VAE/graficos/od_analysis/validation/od_top10_barras_klx12p0_mdw0p55.png
   - /home/caioloss/arquivos/VAE/graficos/od_analysis/validation/od_top10_barras_klx15_mdn0.8.png
   - /home/caioloss/arquivos/VAE/graficos/od_analysis/validation/od_top10_barras_klx15p0_mdw0p5.png
   - /home/caioloss/arquivos/VAE/graficos/od_analysis/validation/od_top10_barras_klx1p0_mdw1p6.png
   - /home/caioloss/arquivos/VAE/graficos/od_analysis/validation/od_top10_barras_klx1p25_mdw1p4.png
   - /home/caioloss/arquivos/VAE/graficos/od_analysis/validation/od_top10_barras_klx1p5_mdw1p2.png
   - /home/caioloss/arquivos/VAE/graficos/od_analysis/validation/od_top10_barras_klx20p0_mdw0p45.png
   - /home/caioloss/arquivos/VAE/graficos/od_analysis/validation/od_top10_barras_klx25p0_mdw0p4.png
   - /home/caioloss/arquivos/VAE/graficos/od_analysis/validation/od_top10_barras_klx2p0_mdw1p0.png
   - /home/caioloss/arquivos/VAE/graficos/od_analysis/validation/od_top10_barras_klx30_mdn0.6.png
   - /home/caioloss/arquivos/VAE/graficos/od_analysis/validation/od_top10_barras_klx30p0_mdw0p35.png
   - /home/caioloss/arquivos/VAE/graficos/od_analysis/validation/od_top10_barras_klx35p0_mdw0p32.png
   - /home/caioloss/arquivos/VAE/graficos/od_analysis/validation/od_top10_barras_klx3p0_mdw0p9.png
   - /home/caioloss/arquivos/VAE/graficos/od_analysis/validation/od_top10_barras_klx40p0_mdw0p28.png
   - /home/caioloss/arquivos/VAE/graficos/od_analysis/validation/od_top10_barras_klx4p0_mdw0p8.png
   - /home/caioloss/arquivos/VAE/graficos/od_analysis/validation/od_top10_barras_klx50p0_mdw0p25.png
   - /home/caioloss/arquivos/VAE/graficos/od_analysis/validation/od_top10_barras_klx5_mdn1.2.png
   - /home/caioloss/arquivos/VAE/graficos/od_analysis/validation/od_top10_barras_klx5p0_mdw0p7.png
   - /home/caioloss/arquivos/VAE/graficos/od_analysis/validation/od_top10_barras_klx60p0_mdw0p22.png
   - /home/caioloss/arquivos/VAE/graficos/od_analysis/validation/od_top10_barras_klx7p5_mdw0p65.png
   - /home/caioloss/arquivos/VAE/graficos/od_analysis/validation/od_top10_barras_klx80p0_mdw0p2.png
