[THT-TripGen] run_tag=tht_tripgen_20260130_181910
[THT-TripGen] train_rows=4366407 val_rows=797134 hold_rows=1221670
[Epoch 001] train_nll=11.1379 val_nll=10.8543
[Epoch 002] train_nll=10.8097 val_nll=10.7896
[Epoch 003] train_nll=10.7725 val_nll=10.7695
[Epoch 004] train_nll=10.7557 val_nll=10.7577
[Epoch 005] train_nll=10.7452 val_nll=10.7526
[Epoch 006] train_nll=10.7386 val_nll=10.7467
[Epoch 007] train_nll=10.7334 val_nll=10.7454
[Epoch 008] train_nll=10.7293 val_nll=10.7408
[Epoch 009] train_nll=10.7255 val_nll=10.7382
[Epoch 010] train_nll=10.7231 val_nll=10.7362
[Epoch 011] train_nll=10.7207 val_nll=10.7350
[Epoch 012] train_nll=10.7184 val_nll=10.7326
[Epoch 013] train_nll=10.7165 val_nll=10.7308
[Epoch 014] train_nll=10.7150 val_nll=10.7307
[Epoch 015] train_nll=10.7134 val_nll=10.7285
[Epoch 016] train_nll=10.7123 val_nll=10.7289
[Epoch 017] train_nll=10.7110 val_nll=10.7292
[Epoch 018] train_nll=10.7096 val_nll=10.7270
[Epoch 019] train_nll=10.7081 val_nll=10.7260
[Epoch 020] train_nll=10.7074 val_nll=10.7256
[Epoch 021] train_nll=10.7062 val_nll=10.7267
[Epoch 022] train_nll=10.7052 val_nll=10.7251
[Epoch 023] train_nll=10.7045 val_nll=10.7239
[Epoch 024] train_nll=10.7040 val_nll=10.7237
[Epoch 025] train_nll=10.7030 val_nll=10.7230
[Epoch 026] train_nll=10.7024 val_nll=10.7230
[Epoch 027] train_nll=10.7018 val_nll=10.7223
[Epoch 028] train_nll=10.7011 val_nll=10.7225
[Epoch 029] train_nll=10.7008 val_nll=10.7221
[Epoch 030] train_nll=10.7001 val_nll=10.7229
[THT-TripGen] metrics saved: outputs/save_data/ryc/tht_tripgen_20260130_181910/metrics/metrics_tht_tripgen_val.json
[THT-TripGen] synthetic saved: outputs/save_data/ryc/tht_tripgen_20260130_181910/data/synthetic_tht_tripgen_val.csv
[THT-TripGen] metrics saved: outputs/save_data/ryc/tht_tripgen_20260130_181910/metrics/metrics_tht_tripgen_hold.json
[THT-TripGen] synthetic saved: outputs/save_data/ryc/tht_tripgen_20260130_181910/data/synthetic_tht_tripgen_hold.csv
[THT-TripGen] saved checkpoint=outputs/save_data/ryc/tht_tripgen_20260130_181910/tht_tripgen.pt
