[THT-TripGen] run_tag=tht_tripgen_20260130_175310
[THT-TripGen] train_rows=4366407 val_rows=797134 hold_rows=1221670
[Epoch 001] train_nll=10.9249 val_nll=10.7892
[Epoch 002] train_nll=10.7577 val_nll=10.7602
[Epoch 003] train_nll=10.7402 val_nll=10.7513
[Epoch 004] train_nll=10.7312 val_nll=10.7416
[Epoch 005] train_nll=10.7250 val_nll=10.7425
[Epoch 006] train_nll=10.7211 val_nll=10.7362
[Epoch 007] train_nll=10.7174 val_nll=10.7344
[Epoch 008] train_nll=10.7145 val_nll=10.7303
[Epoch 009] train_nll=10.7118 val_nll=10.7294
[Epoch 010] train_nll=10.7103 val_nll=10.7292
[Epoch 011] train_nll=10.7088 val_nll=10.7272
[Epoch 012] train_nll=10.7071 val_nll=10.7264
[Epoch 013] train_nll=10.7058 val_nll=10.7250
[Epoch 014] train_nll=10.7047 val_nll=10.7251
[Epoch 015] train_nll=10.7037 val_nll=10.7240
[Epoch 016] train_nll=10.7030 val_nll=10.7254
[Epoch 017] train_nll=10.7021 val_nll=10.7258
[Epoch 018] train_nll=10.7010 val_nll=10.7228
[Epoch 019] train_nll=10.6998 val_nll=10.7237
[Epoch 020] train_nll=10.6992 val_nll=10.7239
[Epoch 021] train_nll=10.6983 val_nll=10.7236
[Epoch 022] train_nll=10.6974 val_nll=10.7235
[Epoch 023] train_nll=10.6969 val_nll=10.7226
[Epoch 024] train_nll=10.6964 val_nll=10.7223
[Epoch 025] train_nll=10.6959 val_nll=10.7215
[Epoch 026] train_nll=10.6952 val_nll=10.7227
[Epoch 027] train_nll=10.6947 val_nll=10.7218
[Epoch 028] train_nll=10.6941 val_nll=10.7218
[Epoch 029] train_nll=10.6938 val_nll=10.7218
[Epoch 030] train_nll=10.6933 val_nll=10.7231
[THT-TripGen] metrics saved: outputs/save_data/ryc/tht_tripgen_20260130_175310/metrics/metrics_tht_tripgen_val.json
[THT-TripGen] synthetic saved: outputs/save_data/ryc/tht_tripgen_20260130_175310/data/synthetic_tht_tripgen_val.csv
[THT-TripGen] metrics saved: outputs/save_data/ryc/tht_tripgen_20260130_175310/metrics/metrics_tht_tripgen_hold.json
[THT-TripGen] synthetic saved: outputs/save_data/ryc/tht_tripgen_20260130_175310/data/synthetic_tht_tripgen_hold.csv
[THT-TripGen] saved checkpoint=outputs/save_data/ryc/tht_tripgen_20260130_175310/tht_tripgen.pt
